
> frontend@0.1.0 build
> next build

Ôû▓ Next.js 16.2.2 (Turbopack)

  Creating an optimized production build ...
cmd : 
En línea: 1 Carácter: 1
+ cmd /c npm run build > build_output.log 2>&1
+ ~~~~~~~~~~~~~~~~~~~~~~~~~~~~~~~~~~~~~~~~~~~~
    + CategoryInfo          : NotSpecified: (:String) [], RemoteException
    + FullyQualifiedErrorId : NativeCommandError
 
> Build error occurred
Error: Turbopack build failed with 1 errors:
./src/app/globals.css
Error evaluating Node.js code
Error: Cannot find module '@tailwindcss/postcss'
Require stack:
- C:\Users\Labol-09.DESKTOP-ADMM9UR\Sistema Gestion de 
Prestamos\Sistema-de-Gesti-n-de-Prestamos\Frontend\.next\build\chunks\[root-of-the-server]__0d-m0h0._.js
- C:\Users\Labol-09.DESKTOP-ADMM9UR\Sistema Gestion de 
Prestamos\Sistema-de-Gesti-n-de-Prestamos\Frontend\.next\build\chunks\[turbopack]_runtime.js
- C:\Users\Labol-09.DESKTOP-ADMM9UR\Sistema Gestion de 
Prestamos\Sistema-de-Gesti-n-de-Prestamos\Frontend\.next\build\postcss.js
    [at Module._resolveFilename (node:internal/modules/cjs/loader:1476:15)]
    [at wrapResolveFilename (node:internal/modules/cjs/loader:1049:27)]
    [at defaultResolveImplForCJSLoading (node:internal/modules/cjs/loader:1073:10)]
    [at resolveForCJSWithHooks (node:internal/modules/cjs/loader:1094:12)]
    [at Module._load (node:internal/modules/cjs/loader:1262:25)]
    [at wrapModuleLoad (node:internal/modules/cjs/loader:255:19)]
    [at Module.require (node:internal/modules/cjs/loader:1576:12)]
    [at require (node:internal/modules/helpers:153:16)]
    at require (turbopack:///[turbopack-node]/transforms/postcss.ts:49:25) [C:\Users\Labol-09.DESKTOP-ADMM9UR\Sistema 
Gestion de 
Prestamos\Sistema-de-Gesti-n-de-Prestamos\Frontend\.next\build\chunks\[root-of-the-server]__0d-m0h0._.js:134:33]
    [at <anonymous>]

Import trace:
  Client Component Browser:
    ./src/app/globals.css [Client Component Browser]
    ./src/app/layout.tsx [Server Component]


    at require (turbopack:///[turbopack-node]/transforms/postcss.ts:49:25) [C:\Users\Labol-09.DESKTOP-ADMM9UR\Sistema 
Gestion de 
Prestamos\Sistema-de-Gesti-n-de-Prestamos\Frontend\.next\build\chunks\[root-of-the-server]__0d-m0h0._.js:134:33])
